
23/11/1987
salaried employee: John Smith
social security number: 111-11-1111
weekly salary: 800.00
earned $900.00

6/8/1957
hourly employee: Neo Anderson
social security number: 666-66-6666
hourly wage: 16.75; hours worked: 40.00
earned $670.00

7/7/1977
commission employee: James Bond
social security number: 007-00-7007
gross sales: 10000.00; commission rate: 0.06
earned $600.00

15/9/1982
base-salaried commission employee: Bruce Wayne
social security number: 888-88-8888
gross sales: 5000.00; commission rate: 0.04; base salary: 300.00
earned $500.00


